Test: ../pd.py
> load data/sample_20_Traffic_Collision_Data_from_2010_to_Present.csv as sample20
> columns sample20
['DR Number' 'Date Reported' 'Date Occurred' 'Time Occurred' 'Area ID'
 'Area Name' 'Reporting District' 'Crime Code' 'Crime Code Description'
 'MO Codes' 'Victim Age' 'Victim Sex' 'Victim Descent' 'Premise Code'
 'Premise Description' 'Address' 'Cross Street' 'Location']
> create sample20 latitude [eval(x)[0] for x in dataFrame['Location']]
sample20.latitude=
> columns sample20
['DR Number' 'Date Reported' 'Date Occurred' 'Time Occurred' 'Area ID'
 'Area Name' 'Reporting District' 'Crime Code' 'Crime Code Description'
 'MO Codes' 'Victim Age' 'Victim Sex' 'Victim Descent' 'Premise Code'
 'Premise Description' 'Address' 'Cross Street' 'Location' 'latitude']
Test completed: ../pd.py
