Test: scripts/noinput.txt
Test completed: scripts/noinput.txt
