Test: scripts/create_column.txt
> sample20 = data/sample_20_Traffic_Collision_Data_from_2010_to_Present.csv
Loaded data/sample_20_Traffic_Collision_Data_from_2010_to_Present.csv into DataFrame 'sample20', 19 rows
> sample20.columns
['DR Number' 'Date Reported' 'Date Occurred' 'Time Occurred' 'Area ID'
 'Area Name' 'Reporting District' 'Crime Code' 'Crime Code Description'
 'MO Codes' 'Victim Age' 'Victim Sex' 'Victim Descent' 'Premise Code'
 'Premise Description' 'Address' 'Cross Street' 'Location']
> sample20.latitude <= [eval(x)[0] for x in sample20['Location']]
> sample20.longitude <= [eval(x)[1] for x in sample20['Location']]
> sample20.columns
['DR Number' 'Date Reported' 'Date Occurred' 'Time Occurred' 'Area ID'
 'Area Name' 'Reporting District' 'Crime Code' 'Crime Code Description'
 'MO Codes' 'Victim Age' 'Victim Sex' 'Victim Descent' 'Premise Code'
 'Premise Description' 'Address' 'Cross Street' 'Location' 'latitude'
 'longitude']
> sample20.save
Saved CSV File './actual/sample20.csv'
