Test: scripts/line2.txt
> all_areas = expected/all_areas.csv
Loaded expected/all_areas.csv into DataFrame 'all_areas', 453817 rows
> all_areas.drop Unnamed: 0, Date Occurred, Time Occurred, Area Name, Date, Weekday, Hour
Dropped ['Unnamed: 0', 'Date Occurred', 'Time Occurred', 'Area Name', 'Date', 'Weekday', 'Hour'] from DataFrame 'all_areas'
> all_areas.drop Victim Age, Victim Descent, Address, Cross Street
Dropped ['Victim Age', 'Victim Descent', 'Address', 'Cross Street'] from DataFrame 'all_areas'
> all_areas.columns
['Victim Sex' 'Year']
> all_areas.xrow Year=2019
451531 rows remaining
> all_areas.xrow Victim Sex=X
441844 rows remaining
> all_areas.xrow Victim Sex=N
441836 rows remaining
> all_areas.xrow Victim Sex=H
441704 rows remaining
> all_areas.Year.Victim Sex => stacked
Saved PNG stacked lines: ./actual/all_areas.Year.Victim_Sex.stacked_line.png
