START
RESULT=1067.979743570137
RESULT should be near 1000, it is 1020.7873446261156
RESULT should be near 500, it is 513.5739682081831
END OF TEST
