Test: scripts/save_data_1.txt
> load data/sample_20_Traffic_Collision_Data_from_2010_to_Present.csv as sample20
Loaded data/sample_20_Traffic_Collision_Data_from_2010_to_Present.csv into DataFrame sample20
> columns sample20
['DR Number' 'Date Reported' 'Date Occurred' 'Time Occurred' 'Area ID'
 'Area Name' 'Reporting District' 'Crime Code' 'Crime Code Description'
 'MO Codes' 'Victim Age' 'Victim Sex' 'Victim Descent' 'Premise Code'
 'Premise Description' 'Address' 'Cross Street' 'Location']
> drop sample20 DR Number, Date Reported, Area ID, Reporting District, Crime Code, Crime Code Description
Dropping ['DR Number', 'Date Reported', 'Area ID', 'Reporting District', 'Crime Code', 'Crime Code Description'] from DataFrame 'sample20'
Columns dropped
> drop sample20 MO Codes, Premise Code, Premise Description, Location
Dropping ['MO Codes', 'Premise Code', 'Premise Description', 'Location'] from DataFrame 'sample20'
Columns dropped
> columns sample20
['Date Occurred' 'Time Occurred' 'Area Name' 'Victim Age' 'Victim Sex'
 'Victim Descent' 'Address' 'Cross Street']
> save sample20
Saved CSV File 'sample20.csv'
Test completed: scripts/save_data_1.txt
